Archive member included because of file (symbol)

D:/CODE/Kinetis_WS/assignment/Sources/TSS\libTSS_KXX_M0.a(TSS_ASliderDecoder.o)
                              ./Sources/TSS/TSS_SystemSetupData.o (TSS_ASliderDecoder)
D:/CODE/Kinetis_WS/assignment/Sources/TSS\libTSS_KXX_M0.a(TSS_Filters.o)
                              ./Sources/TSS/TSS_SystemSetupData.o (TSS_KeyDetectorInitPrevCapSample)
D:/CODE/Kinetis_WS/assignment/Sources/TSS\libTSS_KXX_M0.a(TSS_KeyDetectorNormal.o)
                              ./Sources/TSS/TSS_SystemSetupData.o (TSS_KeyBasicStuckKeyControl)
D:/CODE/Kinetis_WS/assignment/Sources/TSS\libTSS_KXX_M0.a(TSS_KeyDetector.o)
                              D:/CODE/Kinetis_WS/assignment/Sources/TSS\libTSS_KXX_M0.a(TSS_KeyDetectorNormal.o) (TSS_KeyDetectorResetElectrodeDebouncing)
D:/CODE/Kinetis_WS/assignment/Sources/TSS\libTSS_KXX_M0.a(TSS_Main.o)
                              ./Generated_Code/TSS1.o (TSS_Init)
d:/kinetis/toolchain/bin/../lib/gcc/arm-none-eabi/4.8.4/armv6-m\libgcc.a(_thumb1_case_uqi.o)
                              D:/CODE/Kinetis_WS/assignment/Sources/TSS\libTSS_KXX_M0.a(TSS_ASliderDecoder.o) (__gnu_thumb1_case_uqi)
d:/kinetis/toolchain/bin/../lib/gcc/arm-none-eabi/4.8.4/armv6-m\libgcc.a(_udivsi3.o)
                              D:/CODE/Kinetis_WS/assignment/Sources/TSS\libTSS_KXX_M0.a(TSS_ASliderDecoder.o) (__aeabi_uidiv)
d:/kinetis/toolchain/bin/../lib/gcc/arm-none-eabi/4.8.4/armv6-m\libgcc.a(_divsi3.o)
                              D:/CODE/Kinetis_WS/assignment/Sources/TSS\libTSS_KXX_M0.a(TSS_Filters.o) (__aeabi_idiv)
d:/kinetis/toolchain/bin/../lib/gcc/arm-none-eabi/4.8.4/armv6-m\libgcc.a(_dvmd_tls.o)
                              d:/kinetis/toolchain/bin/../lib/gcc/arm-none-eabi/4.8.4/armv6-m\libgcc.a(_udivsi3.o) (__aeabi_idiv0)
d:/kinetis/toolchain/bin/../lib/gcc/arm-none-eabi/4.8.4/armv6-m\libgcc.a(_arm_cmpsf2.o)
                              ./Generated_Code/BLUE_LED.o (__aeabi_fcmpgt)
d:/kinetis/toolchain/bin/../lib/gcc/arm-none-eabi/4.8.4/armv6-m\libgcc.a(_fixunssfsi.o)
                              ./Generated_Code/BLUE_LED.o (__aeabi_f2uiz)
d:/kinetis/toolchain/bin/../lib/gcc/arm-none-eabi/4.8.4/armv6-m\libgcc.a(eqsf2.o)
                              d:/kinetis/toolchain/bin/../lib/gcc/arm-none-eabi/4.8.4/armv6-m\libgcc.a(_arm_cmpsf2.o) (__eqsf2)
d:/kinetis/toolchain/bin/../lib/gcc/arm-none-eabi/4.8.4/armv6-m\libgcc.a(gesf2.o)
                              d:/kinetis/toolchain/bin/../lib/gcc/arm-none-eabi/4.8.4/armv6-m\libgcc.a(_arm_cmpsf2.o) (__gesf2)
d:/kinetis/toolchain/bin/../lib/gcc/arm-none-eabi/4.8.4/armv6-m\libgcc.a(lesf2.o)
                              d:/kinetis/toolchain/bin/../lib/gcc/arm-none-eabi/4.8.4/armv6-m\libgcc.a(_arm_cmpsf2.o) (__lesf2)
d:/kinetis/toolchain/bin/../lib/gcc/arm-none-eabi/4.8.4/armv6-m\libgcc.a(mulsf3.o)
                              ./Generated_Code/BLUE_LED.o (__aeabi_fmul)
d:/kinetis/toolchain/bin/../lib/gcc/arm-none-eabi/4.8.4/armv6-m\libgcc.a(subsf3.o)
                              d:/kinetis/toolchain/bin/../lib/gcc/arm-none-eabi/4.8.4/armv6-m\libgcc.a(_fixunssfsi.o) (__aeabi_fsub)
d:/kinetis/toolchain/bin/../lib/gcc/arm-none-eabi/4.8.4/armv6-m\libgcc.a(fixsfsi.o)
                              d:/kinetis/toolchain/bin/../lib/gcc/arm-none-eabi/4.8.4/armv6-m\libgcc.a(_fixunssfsi.o) (__aeabi_f2iz)
d:/kinetis/toolchain/bin/../lib/gcc/arm-none-eabi/4.8.4/armv6-m\libgcc.a(floatsisf.o)
                              ./Generated_Code/BLUE_LED.o (__aeabi_i2f)
d:/kinetis/toolchain/bin/../lib/gcc/arm-none-eabi/4.8.4/armv6-m\libgcc.a(_clzsi2.o)
                              d:/kinetis/toolchain/bin/../lib/gcc/arm-none-eabi/4.8.4/armv6-m\libgcc.a(mulsf3.o) (__clzsi2)
d:/kinetis/toolchain/bin/../lib/gcc/arm-none-eabi/4.8.4/../../../../arm-none-eabi/lib/armv6-m\libg_s.a(lib_a-exit.o)
                              d:/kinetis/toolchain/bin/../lib/gcc/arm-none-eabi/4.8.4/../../../../arm-none-eabi/lib/armv6-m/crt0.o (exit)
d:/kinetis/toolchain/bin/../lib/gcc/arm-none-eabi/4.8.4/../../../../arm-none-eabi/lib/armv6-m\libg_s.a(lib_a-impure.o)
                              d:/kinetis/toolchain/bin/../lib/gcc/arm-none-eabi/4.8.4/../../../../arm-none-eabi/lib/armv6-m\libg_s.a(lib_a-exit.o) (_global_impure_ptr)
d:/kinetis/toolchain/bin/../lib/gcc/arm-none-eabi/4.8.4/../../../../arm-none-eabi/lib/armv6-m\libg_s.a(lib_a-init.o)
                              d:/kinetis/toolchain/bin/../lib/gcc/arm-none-eabi/4.8.4/../../../../arm-none-eabi/lib/armv6-m/crt0.o (__libc_init_array)
d:/kinetis/toolchain/bin/../lib/gcc/arm-none-eabi/4.8.4/../../../../arm-none-eabi/lib/armv6-m\libg_s.a(lib_a-memcpy-stub.o)
                              ./Sources/led_control.o (memcpy)
d:/kinetis/toolchain/bin/../lib/gcc/arm-none-eabi/4.8.4/../../../../arm-none-eabi/lib/armv6-m\libg_s.a(lib_a-memset.o)
                              d:/kinetis/toolchain/bin/../lib/gcc/arm-none-eabi/4.8.4/../../../../arm-none-eabi/lib/armv6-m/crt0.o (memset)
[...]
Memory Configuration

Name             Origin             Length             Attributes
m_interrupts     0x00000000         0x000000c0         xr
m_text           0x00000410         0x0001fbf0         xr
m_data           0x1ffff000         0x00004000         rw
m_cfmprotrom     0x00000400         0x00000010         xr
*default*        0x00000000         0xffffffff

Linker script and memory map

LOAD d:/kinetis/toolchain/bin/../lib/gcc/arm-none-eabi/4.8.4/armv6-m/crti.o
LOAD d:/kinetis/toolchain/bin/../lib/gcc/arm-none-eabi/4.8.4/armv6-m/crtbegin.o
LOAD d:/kinetis/toolchain/bin/../lib/gcc/arm-none-eabi/4.8.4/../../../../arm-none-eabi/lib/armv6-m/crt0.o
LOAD ./Sources/TSS/TSS_Freemaster.o
LOAD ./Sources/TSS/TSS_Sensor.o
LOAD ./Sources/TSS/TSS_SensorGPIO.o
LOAD ./Sources/TSS/TSS_SensorTSI.o
LOAD ./Sources/TSS/TSS_SensorTSIL.o
LOAD ./Sources/TSS/TSS_SystemSetupData.o
LOAD ./Sources/Broad.o
LOAD ./Sources/Events.o
LOAD ./Sources/exit.o
LOAD ./Sources/led_control.o
LOAD ./Sources/main.o
LOAD ./Project_Settings/Startup_Code/startup.o
LOAD ./Generated_Code/BLUE_LED.o
LOAD ./Generated_Code/Cpu.o
LOAD ./Generated_Code/GREEN_LED.o
LOAD ./Generated_Code/PE_LDD.o
LOAD ./Generated_Code/RED_LED.o
LOAD ./Generated_Code/TSS1.o
LOAD ./Generated_Code/TU1.o
LOAD ./Generated_Code/TU2.o
LOAD ./Generated_Code/Vectors.o
LOAD D:/CODE/Kinetis_WS/assignment/Sources/TSS\libTSS_KXX_M0.a
LOAD d:/kinetis/toolchain/bin/../lib/gcc/arm-none-eabi/4.8.4/../../../../arm-none-eabi/lib/armv6-m\libstdc++_s.a
LOAD d:/kinetis/toolchain/bin/../lib/gcc/arm-none-eabi/4.8.4/../../../../arm-none-eabi/lib/armv6-m\libm.a
START GROUP
LOAD d:/kinetis/toolchain/bin/../lib/gcc/arm-none-eabi/4.8.4/armv6-m\libgcc.a
LOAD d:/kinetis/toolchain/bin/../lib/gcc/arm-none-eabi/4.8.4/../../../../arm-none-eabi/lib/armv6-m\libg_s.a
LOAD d:/kinetis/toolchain/bin/../lib/gcc/arm-none-eabi/4.8.4/../../../../arm-none-eabi/lib/armv6-m\libc_s.a
END GROUP
START GROUP
LOAD d:/kinetis/toolchain/bin/../lib/gcc/arm-none-eabi/4.8.4/armv6-m\libgcc.a
LOAD d:/kinetis/toolchain/bin/../lib/gcc/arm-none-eabi/4.8.4/../../../../arm-none-eabi/lib/armv6-m\libc_s.a
END GROUP
LOAD d:/kinetis/toolchain/bin/../lib/gcc/arm-none-eabi/4.8.4/armv6-m/crtend.o
LOAD d:/kinetis/toolchain/bin/../lib/gcc/arm-none-eabi/4.8.4/armv6-m/crtn.o
                0x20003000                _estack = 0x20003000
                0x20003000                __SP_INIT = _estack
                0x20003000                __stack = _estack
                0x00000000                __heap_size = 0x0
                0x00000400                __stack_size = 0x400

.interrupts     0x00000000       0xc0
                0x00000000                __vector_table = .
                0x00000000                . = ALIGN (0x4)
 *(.vectortable)
 .vectortable   0x00000000       0xc0 ./Generated_Code/Vectors.o
                0x00000000                __vect_table
                0x000000c0                . = ALIGN (0x4)

.cfmprotect     0x00000400       0x10
                0x00000400                . = ALIGN (0x4)
 *(.cfmconfig)
 .cfmconfig     0x00000400       0x10 ./Generated_Code/Cpu.o
                0x00000400                _cfm
                0x00000410                . = ALIGN (0x4)

.text           0x00000410     0x58d4
                0x00000410                . = ALIGN (0x4)
 *(.text)
 .text          0x00000410       0x60 d:/kinetis/toolchain/bin/../lib/gcc/arm-none-eabi/4.8.4/armv6-m/crtbegin.o
 .text          0x00000470       0x78 d:/kinetis/toolchain/bin/../lib/gcc/arm-none-eabi/4.8.4/../../../../arm-none-eabi/lib/armv6-m/crt0.o
                0x00000470                _start
                0x00000470                _mainCRTStartup
 .text          0x000004e8      0x760 D:/CODE/Kinetis_WS/assignment/Sources/TSS\libTSS_KXX_M0.a(TSS_ASliderDecoder.o)
                0x000004e8                TSS_ASliderDecoder
                0x00000920                TSS_ASliderCalculatePosIIRFilter
                0x00000984                TSS_ASliderDelayControl
                0x000009fc                TSS_ASliderTrendThreshold
                0x00000a24                TSS_ASliderTrendControl
                0x00000b14                TSS_SetASliderConfig
                0x00000c14                TSS_GetASliderConfig
 .text          0x00000c48      0x1c8 D:/CODE/Kinetis_WS/assignment/Sources/TSS\libTSS_KXX_M0.a(TSS_Filters.o)
                0x00000c48                TSS_u16NoiseAmplitudeFilter
                0x00000c7c                TSS_i8NoiseAmplitudeFilter
                0x00000cb2                TSS_ShieldEquation
                0x00000d14                TSS_KeyDetectorInitPrevCapSample
                0x00000d28                TSS_KeyDetectorCalculateIIRFilter
                0x00000d48                TSS_KeyDetectorCalculateShielding
                0x00000d5c                TSS_KeyDetectorSignalDivider
                0x00000d78                TSS_KeyDetectorSignalMultiplier
                0x00000da8                TSS_SubUInt16WithUInt16ToSInt16
                0x00000dd4                TSS_ShiftSInt16ToUInt16
                0x00000de0                TSS_CutSInt16ToSInt8
                0x00000df8                TSS_SensitivityLowLimitControl
 .text          0x00000e10      0x854 D:/CODE/Kinetis_WS/assignment/Sources/TSS\libTSS_KXX_M0.a(TSS_KeyDetectorNormal.o)
                0x00000e88                TSS_KeyBasicStuckKeyControl
                0x00000ed4                TSS_KeyBasicDetect
                0x00001084                TSS_KeyBasicNegativeBaselineDrop
                0x00001110                TSS_KeyBasicElectrodeEval
                0x0000137c                TSS_KeyBasicSensAutoCalibration
                0x000015bc                TSS_KeyBasicDeltaNoiseAnalysisIIRControl
                0x00001630                TSS_KeyBasicGetSystemDataContext
 .text          0x00001664      0x6c8 D:/CODE/Kinetis_WS/assignment/Sources/TSS\libTSS_KXX_M0.a(TSS_KeyDetector.o)
                0x000016a4                TSS_KeyDetectorResetElectrodeDebouncing
                0x000016c0                TSS_KeyDetectorResetElectrode
                0x000016d4                TSS_KeyDetectorRestartElectrode
                0x0000171c                TSS_KeyDetectorRecalibrateModules
                0x00001730                TSS_KeyDetectorInit
                0x00001768                TSS_KeyDetectorResetElectrodeMeasured
                0x00001790                TSS_KeyDetectorCalculateDelta
                0x000017b0                TSS_KeyDetectorFillDeltaLogBuffer
                0x000017c8                TSS_KeyDetectorFillSignalLogBuffer
                0x000017dc                TSS_KeyDetectorResetStuckKeyCounter
                0x000017e8                TSS_KeyDetectorGetDCTrackerCounter
                0x000017f4                TSS_KeyDetectorGetSlowDCTrackerCounter
                0x00001800                TSS_KeyDetectorCalibrate
                0x00001824                TSS_KeyDetectorReleaseElectrode
                0x00001844                TSS_KeyDetectorMainSequenced
                0x00001a08                TSS_KeyDetectorMain
                0x00001bb8                TSS_KeyDetectorElectrodeStatusUpdate
                0x00001bec                TSS_KeyDetectorGetElectrodeGroupStatus
                0x00001c28                TSS_KeyDetectorGetElectrodeEnablerStatus
                0x00001cdc                TSS_KeyDetectorRecalibrationRequest
                0x00001cf0                TSS_KeyDetectorGetShieldElectrodeReleaseStatus
 .text          0x00001d2c     0x10a0 D:/CODE/Kinetis_WS/assignment/Sources/TSS\libTSS_KXX_M0.a(TSS_Main.o)
                0x00001dc4                TSS_InitRegisterArrays
                0x00001e1c                TSS_InitInternalArrays
                0x00001e6c                TSS_Init
                0x00001ed0                TSS_DataCorruptionCheck
                0x00001f84                TSS_FaultEvaluation
                0x00001ffc                TSS_DecodersControl
                0x00002068                TSS_TriggerControl
                0x000020bc                TSS_Task
                0x00002194                TSS_TaskSeq
                0x0000226c                TSS_InternalControlPrivateData
                0x00002290                TSS_SetControlPrivateData
                0x000022a4                TSS_GetControlPrivateData
                0x000022c0                TSS_GetControlStruct
                0x000022e0                TSS_GetControlNumberOfElectrodes
                0x00002300                TSS_GetControlFirstElectrodeIndex
                0x00002324                TSS_GetControlLastElectrodeIndex
                0x0000234c                TSS_GetControlElectrodeIndex
                0x00002374                TSS_SetControlElectrodesEnablers
                0x000023fc                TSS_GetControlElectrodesStatus
                0x00002424                TSS_TriggerConfig
                0x00002498                TSS_LowPowerConfig
                0x0000253c                TSS_ProximityConfig
                0x00002594                TSS_SetSystemConfig
                0x000028c8                TSS_GetSystemConfig
                0x000029e8                TSS_BrowseModules
                0x00002a90                TSS_LoadElectrodeData
                0x00002b38                TSS_StoreElectrodeData
                0x00002bb8                TSS_LoadModulesData
                0x00002c20                TSS_StoreModulesData
                0x00002c64                TSS_LoadAllSystemData
                0x00002d10                TSS_StoreAllSystemData
 .text          0x00002dcc       0x14 d:/kinetis/toolchain/bin/../lib/gcc/arm-none-eabi/4.8.4/armv6-m\libgcc.a(_thumb1_case_uqi.o)
                0x00002dcc                __gnu_thumb1_case_uqi
 .text          0x00002de0       0x9c d:/kinetis/toolchain/bin/../lib/gcc/arm-none-eabi/4.8.4/armv6-m\libgcc.a(_udivsi3.o)
                0x00002de0                __aeabi_uidiv
                0x00002de0                __udivsi3
                0x00002e68                __aeabi_uidivmod
 .text          0x00002e7c       0xc0 d:/kinetis/toolchain/bin/../lib/gcc/arm-none-eabi/4.8.4/armv6-m\libgcc.a(_divsi3.o)
                0x00002e7c                __divsi3
                0x00002e7c                __aeabi_idiv
                0x00002f28                __aeabi_idivmod
 .text          0x00002f3c        0x4 d:/kinetis/toolchain/bin/../lib/gcc/arm-none-eabi/4.8.4/armv6-m\libgcc.a(_dvmd_tls.o)
                0x00002f3c                __aeabi_idiv0
                0x00002f3c                __aeabi_ldiv0
 .text          0x00002f40       0x44 d:/kinetis/toolchain/bin/../lib/gcc/arm-none-eabi/4.8.4/armv6-m\libgcc.a(_muldi3.o)
                0x00002f40                __muldi3
                0x00002f40                __aeabi_lmul
 *(.text*)
 .text.TSS_SensorInitCallback
                0x00002f84       0x3c ./Sources/TSS/TSS_Sensor.o
                0x00002f84                TSS_SensorInitCallback
 .text.TSS_SensorInit
                0x00002fc0       0x2c ./Sources/TSS/TSS_Sensor.o
                0x00002fc0                TSS_SensorInit
 .text.TSIL_InitModule
                0x00002fec       0x38 ./Sources/TSS/TSS_SensorTSIL.o
                0x00002fec                TSIL_InitModule
 .text.TSIL_SetNSamples
                0x00003024       0x68 ./Sources/TSS/TSS_SensorTSIL.o
                0x00003024                TSIL_SetNSamples
 .text.TSIL_InitLowPower
                0x0000308c       0x90 ./Sources/TSS/TSS_SensorTSIL.o
                0x0000308c                TSIL_InitLowPower
 .text.TSIL_InitPEN
                0x0000311c      0x248 ./Sources/TSS/TSS_SensorTSIL.o
                0x0000311c                TSIL_InitPEN
 .text.TSIL_Recalibrate
                0x00003364      0x60c ./Sources/TSS/TSS_SensorTSIL.o
                0x00003364                TSIL_Recalibrate
 .text.TSIL_InitThresholds
                0x00003970      0x118 ./Sources/TSS/TSS_SensorTSIL.o
                0x00003970                TSIL_InitThresholds
 .text.TSIL_InitTrigger
                0x00003a88      0x1b8 ./Sources/TSS/TSS_SensorTSIL.o
                0x00003a88                TSIL_InitTrigger
 .text.TSIL_MethodControl
                0x00003c40      0x340 ./Sources/TSS/TSS_SensorTSIL.o
                0x00003c40                TSIL_MethodControl
 .text.TSIL_ReadCounter
                0x00003f80       0xcc ./Sources/TSS/TSS_SensorTSIL.o
                0x00003f80                TSIL_ReadCounter
 .text.TSIL_HandleMeasurement
                0x0000404c       0xf8 ./Sources/TSS/TSS_SensorTSIL.o
                0x0000404c                TSIL_HandleMeasurement
 .text.TSIL_SampleElectrode
                0x00004144      0x288 ./Sources/TSS/TSS_SensorTSIL.o
                0x00004144                TSIL_SampleElectrode
 .text.TSS_TSI0Isr
                0x000043cc      0x1d4 ./Sources/TSS/TSS_SensorTSIL.o
                0x000043cc                TSS_TSI0Isr
 .text.TSS_IIRFilterEquation
                0x000045a0       0x30 ./Sources/TSS/TSS_SystemSetupData.o
                0x000045a0                TSS_IIRFilterEquation
 .text.wait     0x000045d0       0x3c ./Sources/Broad.o
                0x000045d0                wait
 .text.TSS_Monitor
                0x0000460c       0x30 ./Sources/Broad.o
                0x0000460c                TSS_Monitor
 .text.rand_gen
                0x0000463c       0x30 ./Sources/Broad.o
                0x0000463c                rand_gen
 .text.TTS_InputAndCheck
                0x0000466c      0x188 ./Sources/Broad.o
                0x0000466c                TTS_InputAndCheck
 .text.Cpu_OnNMIINT
                0x000047f4        0x8 ./Sources/Events.o
                0x000047f4                Cpu_OnNMIINT
 .text.TSS1_fOnFault
                0x000047fc       0x3c ./Sources/Events.o
                0x000047fc                TSS1_fOnFault
 .text.TSS1_fOnInit
                0x00004838        0xc ./Sources/Events.o
                0x00004838                TSS1_fOnInit
 .text.TSS1_fCallBack0
                0x00004844       0x20 ./Sources/Events.o
                0x00004844                TSS1_fCallBack0
 .text._exit    0x00004864        0x8 ./Sources/exit.o
                0x00004864                _exit
 .text.set_led  0x0000486c       0x4c ./Sources/led_control.o
                0x0000486c                set_led
 .text.show_seq
                0x000048b8       0xd4 ./Sources/led_control.o
                0x000048b8                show_seq
 .text.LED_RGB_Loop
                0x0000498c      0x154 ./Sources/led_control.o
                0x0000498c                LED_RGB_Loop
 .text.LED_Game_start
                0x00004ae0       0x3c ./Sources/led_control.o
                0x00004ae0                LED_Game_start
 .text.LED_Game_continue
                0x00004b1c       0x38 ./Sources/led_control.o
                0x00004b1c                LED_Game_continue
 .text.LED_Game_over
                0x00004b54       0x48 ./Sources/led_control.o
                0x00004b54                LED_Game_over
 .text._sbrk    0x00004b9c       0x3c ./Sources/main.o
                0x00004b9c                _sbrk
 .text.main     0x00004bd8      0x1cc ./Sources/main.o
                0x00004bd8                main
 .text.__copy_rom_section
                0x00004da4       0xd8 ./Project_Settings/Startup_Code/startup.o
                0x00004da4                __copy_rom_section
 .text.__copy_rom_sections_to_ram
                0x00004e7c       0x98 ./Project_Settings/Startup_Code/startup.o
                0x00004e7c                __copy_rom_sections_to_ram
 .text.__init_registers
                0x00004f14        0x8 ./Project_Settings/Startup_Code/startup.o
                0x00004f14                __init_registers
 .text.__init_user
                0x00004f1c        0x8 ./Project_Settings/Startup_Code/startup.o
                0x00004f1c                __init_user
 .text.__thumb_startup
                0x00004f24       0x30 ./Project_Settings/Startup_Code/startup.o
                0x00004f24                __thumb_startup
 .text.BLUE_LED_Init
                0x00004f54       0x58 ./Generated_Code/BLUE_LED.o
                0x00004f54                BLUE_LED_Init
 .text.BLUE_LED_SetRatio16
                0x00004fac       0x2c ./Generated_Code/BLUE_LED.o
                0x00004fac                BLUE_LED_SetRatio16
 .text.SetRatio
                0x00004fd8       0x68 ./Generated_Code/BLUE_LED.o
 .text.Cpu_INT_NMIInterrupt
                0x00005040        0xc ./Generated_Code/Cpu.o
                0x00005040                Cpu_INT_NMIInterrupt
 .text.Cpu_Interrupt
                0x0000504c        0xc ./Generated_Code/Cpu.o
                0x0000504c                Cpu_Interrupt
 .text.__init_hardware
                0x00005058      0x110 ./Generated_Code/Cpu.o
                0x00005058                __init_hardware
 .text.PE_low_level_init
                0x00005168       0xfc ./Generated_Code/Cpu.o
                0x00005168                PE_low_level_init
 .text.GREEN_LED_Init
                0x00005264       0x58 ./Generated_Code/GREEN_LED.o
                0x00005264                GREEN_LED_Init
 .text.GREEN_LED_SetRatio16
                0x000052bc       0x2c ./Generated_Code/GREEN_LED.o
                0x000052bc                GREEN_LED_SetRatio16
 .text.SetRatio
                0x000052e8       0x68 ./Generated_Code/GREEN_LED.o
 .text.RED_LED_Init
                0x00005350       0x58 ./Generated_Code/RED_LED.o
                0x00005350                RED_LED_Init
 .text.RED_LED_SetRatio16
                0x000053a8       0x2c ./Generated_Code/RED_LED.o
                0x000053a8                RED_LED_SetRatio16
 .text.SetRatio
                0x000053d4       0x68 ./Generated_Code/RED_LED.o
 .text.TSS1_InitDevices
                0x0000543c       0x44 ./Generated_Code/TSS1.o
                0x0000543c                TSS1_InitDevices
 .text.TSS1_Configure
                0x00005480      0x170 ./Generated_Code/TSS1.o
                0x00005480                TSS1_Configure
 .text.TU1_Init
                0x000055f0       0xe4 ./Generated_Code/TU1.o
                0x000055f0                TU1_Init
 .text.TU1_GetPeriodTicks
                0x000056d4       0x3c ./Generated_Code/TU1.o
                0x000056d4                TU1_GetPeriodTicks
 .text.TU1_SetOffsetTicks
                0x00005710       0x58 ./Generated_Code/TU1.o
                0x00005710                TU1_SetOffsetTicks
 .text.TU2_Init
                0x00005768       0xdc ./Generated_Code/TU2.o
                0x00005768                TU2_Init
 .text.TU2_GetPeriodTicks
                0x00005844       0x3c ./Generated_Code/TU2.o
                0x00005844                TU2_GetPeriodTicks
 .text.TU2_SetOffsetTicks
                0x00005880       0x44 ./Generated_Code/TU2.o
                0x00005880                TU2_SetOffsetTicks
 .text.exit     0x000058c4       0x2c d:/kinetis/toolchain/bin/../lib/gcc/arm-none-eabi/4.8.4/../../../../arm-none-eabi/lib/armv6-m\libg_s.a(lib_a-exit.o)
                0x000058c4                exit
 .text.__libc_init_array
                0x000058f0       0x4c d:/kinetis/toolchain/bin/../lib/gcc/arm-none-eabi/4.8.4/../../../../arm-none-eabi/lib/armv6-m\libg_s.a(lib_a-init.o)
                0x000058f0                __libc_init_array
 .text.memcpy   0x0000593c       0x12 d:/kinetis/toolchain/bin/../lib/gcc/arm-none-eabi/4.8.4/../../../../arm-none-eabi/lib/armv6-m\libg_s.a(lib_a-memcpy-stub.o)
                0x0000593c                memcpy
 .text.memset   0x0000594e       0x10 d:/kinetis/toolchain/bin/../lib/gcc/arm-none-eabi/4.8.4/../../../../arm-none-eabi/lib/armv6-m\libg_s.a(lib_a-memset.o)
                0x0000594e                memset
 *fill*         0x0000595e        0x2 
 .text.srand    0x00005960       0x5c d:/kinetis/toolchain/bin/../lib/gcc/arm-none-eabi/4.8.4/../../../../arm-none-eabi/lib/armv6-m\libg_s.a(lib_a-rand.o)
                0x00005960                srand
 *fill*         0x000059bc        0x4 
 .text.rand     0x000059c0       0x78 d:/kinetis/toolchain/bin/../lib/gcc/arm-none-eabi/4.8.4/../../../../arm-none-eabi/lib/armv6-m\libg_s.a(lib_a-rand.o)
                0x000059c0                rand
 .text.malloc   0x00005a38       0x14 d:/kinetis/toolchain/bin/../lib/gcc/arm-none-eabi/4.8.4/../../../../arm-none-eabi/lib/armv6-m\libg_s.a(lib_a-malloc.o)
                0x00005a38                malloc
 .text._malloc_r
                0x00005a4c       0xa8 d:/kinetis/toolchain/bin/../lib/gcc/arm-none-eabi/4.8.4/../../../../arm-none-eabi/lib/armv6-m\libg_s.a(lib_a-nano-mallocr.o)
                0x00005a4c                _malloc_r
 .text._sbrk_r  0x00005af4       0x24 d:/kinetis/toolchain/bin/../lib/gcc/arm-none-eabi/4.8.4/../../../../arm-none-eabi/lib/armv6-m\libg_s.a(lib_a-sbrkr.o)
                0x00005af4                _sbrk_r
 *(.rodata)
 .rodata        0x00005b18       0x18 ./Sources/led_control.o
 .rodata        0x00005b30       0x14 D:/CODE/Kinetis_WS/assignment/Sources/TSS\libTSS_KXX_M0.a(TSS_KeyDetector.o)
 .rodata        0x00005b44        0xc D:/CODE/Kinetis_WS/assignment/Sources/TSS\libTSS_KXX_M0.a(TSS_Main.o)
 *(.rodata*)
 .rodata.tss_faSampleElectrode
                0x00005b50        0x8 ./Sources/TSS/TSS_Sensor.o
                0x00005b50                tss_faSampleElectrode
 .rodata.tss_acp8ElectrodeROMData
                0x00005b58        0x8 ./Sources/TSS/TSS_Sensor.o
                0x00005b58                tss_acp8ElectrodeROMData
 .rodata.TSS_TSIL0_METHOD_ROMDATA_CONTEXT
                0x00005b60       0x10 ./Sources/TSS/TSS_SensorTSIL.o
                0x00005b60                TSS_TSIL0_METHOD_ROMDATA_CONTEXT
 .rodata.TSS_E0_ROMDATA_CONTEXT
                0x00005b70        0xc ./Sources/TSS/TSS_SensorTSIL.o
                0x00005b70                TSS_E0_ROMDATA_CONTEXT
 .rodata.TSS_E1_ROMDATA_CONTEXT
                0x00005b7c        0xc ./Sources/TSS/TSS_SensorTSIL.o
                0x00005b7c                TSS_E1_ROMDATA_CONTEXT
 .rodata.TSIL_MethodControl
                0x00005b88       0x24 ./Sources/TSS/TSS_SensorTSIL.o
 .rodata.TSIL_SampleElectrode
                0x00005bac       0x28 ./Sources/TSS/TSS_SensorTSIL.o
 .rodata.TSS_C0_INPUTS_GROUP
                0x00005bd4        0x4 ./Sources/TSS/TSS_SystemSetupData.o
                0x00005bd4                TSS_C0_INPUTS_GROUP
 .rodata.TSS_C0_STRUCTURE_ROM_CONTEXT
                0x00005bd8       0x1c ./Sources/TSS/TSS_SystemSetupData.o
                0x00005bd8                TSS_C0_STRUCTURE_ROM_CONTEXT
 .rodata.tss_faCallback
                0x00005bf4        0x4 ./Sources/TSS/TSS_SystemSetupData.o
                0x00005bf4                tss_faCallback
 .rodata.tss_acpsDecRAMContext
                0x00005bf8        0x4 ./Sources/TSS/TSS_SystemSetupData.o
                0x00005bf8                tss_acpsDecRAMContext
 .rodata.tss_acpsDecROMContext
                0x00005bfc        0x4 ./Sources/TSS/TSS_SystemSetupData.o
                0x00005bfc                tss_acpsDecROMContext
 .rodata.tss_acpsCSStructs
                0x00005c00        0x4 ./Sources/TSS/TSS_SystemSetupData.o
                0x00005c00                tss_acpsCSStructs
 .rodata.tss_faDecoders
                0x00005c04        0x4 ./Sources/TSS/TSS_SystemSetupData.o
                0x00005c04                tss_faDecoders
 .rodata.tss_cau8ShieldPairs
                0x00005c08        0x4 ./Sources/TSS/TSS_SystemSetupData.o
                0x00005c08                tss_cau8ShieldPairs
 .rodata.tss_cau8SignalDivider
                0x00005c0c        0x4 ./Sources/TSS/TSS_SystemSetupData.o
                0x00005c0c                tss_cau8SignalDivider
 .rodata.tss_cau8SignalMultiplier
                0x00005c10        0x4 ./Sources/TSS/TSS_SystemSetupData.o
                0x00005c10                tss_cau8SignalMultiplier
 .rodata.tss_fSetInternalPrivateData
                0x00005c14        0x4 ./Sources/TSS/TSS_SystemSetupData.o
                0x00005c14                tss_fSetInternalPrivateData
 .rodata.tss_fDecodersControl
                0x00005c18        0x4 ./Sources/TSS/TSS_SystemSetupData.o
                0x00005c18                tss_fDecodersControl
 .rodata.tss_cu8NumElecs
                0x00005c1c        0x1 ./Sources/TSS/TSS_SystemSetupData.o
                0x00005c1c                tss_cu8NumElecs
 .rodata.tss_cu8NumCtrls
                0x00005c1d        0x1 ./Sources/TSS/TSS_SystemSetupData.o
                0x00005c1d                tss_cu8NumCtrls
 .rodata.tss_cu8ElecBitFldLn
                0x00005c1e        0x1 ./Sources/TSS/TSS_SystemSetupData.o
                0x00005c1e                tss_cu8ElecBitFldLn
 *fill*         0x00005c1f        0x1 
 .rodata.tss_fCalculateIIRFilter
                0x00005c20        0x4 ./Sources/TSS/TSS_SystemSetupData.o
                0x00005c20                tss_fCalculateIIRFilter
 .rodata.tss_fCalculateShielding
                0x00005c24        0x4 ./Sources/TSS/TSS_SystemSetupData.o
                0x00005c24                tss_fCalculateShielding
 .rodata.tss_fInitPrevCapSample
                0x00005c28        0x4 ./Sources/TSS/TSS_SystemSetupData.o
                0x00005c28                tss_fInitPrevCapSample
 .rodata.tss_fFillDeltaLogBuffer
                0x00005c2c        0x4 ./Sources/TSS/TSS_SystemSetupData.o
                0x00005c2c                tss_fFillDeltaLogBuffer
 .rodata.tss_fFillSignalLogBuffer
                0x00005c30        0x4 ./Sources/TSS/TSS_SystemSetupData.o
                0x00005c30                tss_fFillSignalLogBuffer
 .rodata.tss_fDataCorruptionCheck
                0x00005c34        0x4 ./Sources/TSS/TSS_SystemSetupData.o
                0x00005c34                tss_fDataCorruptionCheck
 .rodata.tss_fFmstrCall
                0x00005c38        0x4 ./Sources/TSS/TSS_SystemSetupData.o
                0x00005c38                tss_fFmstrCall
 .rodata.tss_fTriggerConfig
                0x00005c3c        0x4 ./Sources/TSS/TSS_SystemSetupData.o
                0x00005c3c                tss_fTriggerConfig
 .rodata.tss_fTriggerControl
                0x00005c40        0x4 ./Sources/TSS/TSS_SystemSetupData.o
                0x00005c40                tss_fTriggerControl
 .rodata.tss_fLowPowerConfig
                0x00005c44        0x4 ./Sources/TSS/TSS_SystemSetupData.o
                0x00005c44                tss_fLowPowerConfig
 .rodata.tss_fOnFault
                0x00005c48        0x4 ./Sources/TSS/TSS_SystemSetupData.o
                0x00005c48                tss_fOnFault
 .rodata.tss_fOnInit
                0x00005c4c        0x4 ./Sources/TSS/TSS_SystemSetupData.o
                0x00005c4c                tss_fOnInit
 .rodata.tss_cu8APosFilterWeight
                0x00005c50        0x1 ./Sources/TSS/TSS_SystemSetupData.o
                0x00005c50                tss_cu8APosFilterWeight
 *fill*         0x00005c51        0x3 
 .rodata.tss_fASliderCalculatePosIIRFilter
                0x00005c54        0x4 ./Sources/TSS/TSS_SystemSetupData.o
                0x00005c54                tss_fASliderCalculatePosIIRFilter
 .rodata.tss_cu8ASliderDelayBufferLength
                0x00005c58        0x1 ./Sources/TSS/TSS_SystemSetupData.o
                0x00005c58                tss_cu8ASliderDelayBufferLength
 *fill*         0x00005c59        0x3 
 .rodata.tss_fASliderDelayControl
                0x00005c5c        0x4 ./Sources/TSS/TSS_SystemSetupData.o
                0x00005c5c                tss_fASliderDelayControl
 .rodata.tss_cu8ASliderTrendBufferLength
                0x00005c60        0x1 ./Sources/TSS/TSS_SystemSetupData.o
                0x00005c60                tss_cu8ASliderTrendBufferLength
 .rodata.tss_i8ASliderTrendThreshold
                0x00005c61        0x1 ./Sources/TSS/TSS_SystemSetupData.o
                0x00005c61                tss_i8ASliderTrendThreshold
 *fill*         0x00005c62        0x2 
 .rodata.tss_fASliderTrendThreshold
                0x00005c64        0x4 ./Sources/TSS/TSS_SystemSetupData.o
                0x00005c64                tss_fASliderTrendThreshold
 .rodata.tss_fASliderTrendControl
                0x00005c68        0x4 ./Sources/TSS/TSS_SystemSetupData.o
                0x00005c68                tss_fASliderTrendControl
 .rodata.tss_fOnProximity
                0x00005c6c        0x4 ./Sources/TSS/TSS_SystemSetupData.o
                0x00005c6c                tss_fOnProximity
 .rodata.tss_fProximityConfig
                0x00005c70        0x4 ./Sources/TSS/TSS_SystemSetupData.o
                0x00005c70                tss_fProximityConfig
 .rodata.tss_fStuckKeyControl
                0x00005c74        0x4 ./Sources/TSS/TSS_SystemSetupData.o
                0x00005c74                tss_fStuckKeyControl
 .rodata.tss_fResetStuckKeyCounter
                0x00005c78        0x4 ./Sources/TSS/TSS_SystemSetupData.o
                0x00005c78                tss_fResetStuckKeyCounter
 .rodata.tss_fNegativeBaselineDrop
                0x00005c7c        0x4 ./Sources/TSS/TSS_SystemSetupData.o
                0x00005c7c                tss_fNegativeBaselineDrop
 .rodata.tss_fKeyDetectorRecalibrationRequest
                0x00005c80        0x4 ./Sources/TSS/TSS_SystemSetupData.o
                0x00005c80                tss_fKeyDetectorRecalibrationRequest
 .rodata.tss_fSignalDivider
                0x00005c84        0x4 ./Sources/TSS/TSS_SystemSetupData.o
                0x00005c84                tss_fSignalDivider
 .rodata.tss_fSignalMultiplier
                0x00005c88        0x4 ./Sources/TSS/TSS_SystemSetupData.o
                0x00005c88                tss_fSignalMultiplier
 .rodata.tss_fAutoCalibration
                0x00005c8c        0x4 ./Sources/TSS/TSS_SystemSetupData.o
                0x00005c8c                tss_fAutoCalibration
 .rodata.tss_fSensitivityLowLimitControl
                0x00005c90        0x4 ./Sources/TSS/TSS_SystemSetupData.o
                0x00005c90                tss_fSensitivityLowLimitControl
 .rodata.tss_fDeltaNoiseAnalysisIIRControl
                0x00005c94        0x4 ./Sources/TSS/TSS_SystemSetupData.o
                0x00005c94                tss_fDeltaNoiseAnalysisIIRControl
 .rodata.tss_cu8BaselineInitLength
                0x00005c98        0x1 ./Sources/TSS/TSS_SystemSetupData.o
                0x00005c98                tss_cu8BaselineInitLength
 .rodata.tss_cu8AutoCalibInitLength
                0x00005c99        0x1 ./Sources/TSS/TSS_SystemSetupData.o
                0x00005c99                tss_cu8AutoCalibInitLength
 *fill*         0x00005c9a        0x2 
 .rodata.tss_ci8DeltaNoiseAnalysisIIRWeights
                0x00005c9c        0x4 ./Sources/TSS/TSS_SystemSetupData.o
                0x00005c9c                tss_ci8DeltaNoiseAnalysisIIRWeights
 .rodata.tss_csKeyBasicASCContext
                0x00005ca0        0x8 ./Sources/TSS/TSS_SystemSetupData.o
                0x00005ca0                tss_csKeyBasicASCContext
 .rodata.tss_fKeyDetectorElectrodeEval
                0x00005ca8        0x4 ./Sources/TSS/TSS_SystemSetupData.o
                0x00005ca8                tss_fKeyDetectorElectrodeEval
 .rodata.tss_fKeyDetectorIntegrationResetEval
                0x00005cac        0x4 ./Sources/TSS/TSS_SystemSetupData.o
                0x00005cac                tss_fKeyDetectorIntegrationResetEval
 .rodata.tss_fKeyNoiseSchedulerInit
                0x00005cb0        0x4 ./Sources/TSS/TSS_SystemSetupData.o
                0x00005cb0                tss_fKeyNoiseSchedulerInit
 .rodata.tss_fKeyNoiseSchedulerRun
                0x00005cb4        0x4 ./Sources/TSS/TSS_SystemSetupData.o
                0x00005cb4                tss_fKeyNoiseSchedulerRun
 .rodata.tss_fGetSystemDataContext
                0x00005cb8        0x4 ./Sources/TSS/TSS_SystemSetupData.o
                0x00005cb8                tss_fGetSystemDataContext
 .rodata.ChannelDevice
                0x00005cbc        0x4 ./Generated_Code/TU1.o
 .rodata.ChannelMode
                0x00005cc0        0x4 ./Generated_Code/TU1.o
 .rodata.str1.1
                0x00005cc4        0x2 d:/kinetis/toolchain/bin/../lib/gcc/arm-none-eabi/4.8.4/../../../../arm-none-eabi/lib/armv6-m\libg_s.a(lib_a-impure.o)
 *fill*         0x00005cc6        0x2 
 .rodata._global_impure_ptr
                0x00005cc8        0x4 d:/kinetis/toolchain/bin/../lib/gcc/arm-none-eabi/4.8.4/../../../../arm-none-eabi/lib/armv6-m\libg_s.a(lib_a-impure.o)
                0x00005cc8                _global_impure_ptr
 *(.glue_7)
 .glue_7        0x00000000        0x0 linker stubs
 *(.glue_7t)
 .glue_7t       0x00000000        0x0 linker stubs
 *(.eh_frame)
 .eh_frame      0x00005ccc        0x0 d:/kinetis/toolchain/bin/../lib/gcc/arm-none-eabi/4.8.4/armv6-m/crtbegin.o
 *(.init)
 .init          0x00005ccc        0x4 d:/kinetis/toolchain/bin/../lib/gcc/arm-none-eabi/4.8.4/armv6-m/crti.o
                0x00005ccc                _init
 .init          0x00005cd0        0x8 d:/kinetis/toolchain/bin/../lib/gcc/arm-none-eabi/4.8.4/armv6-m/crtn.o
 *(.fini)
 .fini          0x00005cd8        0x4 d:/kinetis/toolchain/bin/../lib/gcc/arm-none-eabi/4.8.4/armv6-m/crti.o
                0x00005cd8                _fini
 .fini          0x00005cdc        0x8 d:/kinetis/toolchain/bin/../lib/gcc/arm-none-eabi/4.8.4/armv6-m/crtn.o
                0x00005ce4                . = ALIGN (0x4)
                0x00005ce4                _etext = .

.vfp11_veneer   0x00005ce4        0x0
 .vfp11_veneer  0x00000000        0x0 linker stubs

.v4_bx          0x00005ce4        0x0
 .v4_bx         0x00000000        0x0 linker stubs

.iplt           0x00005ce4        0x0
 .iplt          0x00000000        0x0 d:/kinetis/toolchain/bin/../lib/gcc/arm-none-eabi/4.8.4/armv6-m/crtbegin.o

.ARM.extab
 *(.ARM.extab* .gnu.linkonce.armextab.*)

.ARM            0x00005ce4        0x8
                0x00005ce4                __exidx_start = .
 *(.ARM.exidx*)
 .ARM.exidx     0x00005ce4        0x8 d:/kinetis/toolchain/bin/../lib/gcc/arm-none-eabi/4.8.4/../../../../arm-none-eabi/lib/armv6-m/crt0.o
                0x00005cec                __exidx_end = .

.rel.dyn        0x00005cec        0x0
 .rel.iplt      0x00000000        0x0 d:/kinetis/toolchain/bin/../lib/gcc/arm-none-eabi/4.8.4/armv6-m/crtbegin.o

.ctors          0x00005cec        0x0
                0x00005cec                __CTOR_LIST__ = .
 *crtbegin.o(.ctors)
 *(EXCLUDE_FILE(*crtend.o) .ctors)
 *(SORT(.ctors.*))
 *(.ctors)
                0x00005cec                __CTOR_END__ = .

.dtors          0x00005cec        0x0
                0x00005cec                __DTOR_LIST__ = .
 *crtbegin.o(.dtors)
 *(EXCLUDE_FILE(*crtend.o) .dtors)
 *(SORT(.dtors.*))
 *(.dtors)
                0x00005cec                __DTOR_END__ = .

.preinit_array  0x00005cec        0x0
                0x00005cec                PROVIDE (__preinit_array_start, .)
 *(.preinit_array*)
                0x00005cec                PROVIDE (__preinit_array_end, .)

.init_array     0x00005cec        0x4
                0x00005cec                PROVIDE (__init_array_start, .)
 *(SORT(.init_array.*))
 *(.init_array*)
 .init_array    0x00005cec        0x4 d:/kinetis/toolchain/bin/../lib/gcc/arm-none-eabi/4.8.4/armv6-m/crtbegin.o
                0x00005cf0                PROVIDE (__init_array_end, .)

.fini_array     0x00005cf0        0x4
                0x00005cf0                PROVIDE (__fini_array_start, .)
 *(SORT(.fini_array.*))
 *(.fini_array*)
 .fini_array    0x00005cf0        0x4 d:/kinetis/toolchain/bin/../lib/gcc/arm-none-eabi/4.8.4/armv6-m/crtbegin.o
                0x00005cf4                PROVIDE (__fini_array_end, .)
                0x00005cf4                ___ROM_AT = .

.mtb            0x1ffff000        0x0
                0x1ffff000                . = ALIGN (0x8)
                0x1ffff000                _mtb_start = .
 *(.mtb_buf)
                0x1ffff000                . = ALIGN (0x8)
                0x1ffff000                _mtb_end = .

.data           0x1ffff000       0x70 load address 0x00005cf4
                0x1ffff000                . = ALIGN (0x4)
                0x1ffff000                _sdata = .
 *(.data)
 .data          0x1ffff000        0x1 D:/CODE/Kinetis_WS/assignment/Sources/TSS\libTSS_KXX_M0.a(TSS_KeyDetector.o)
 *(.data*)
 *fill*         0x1ffff001        0x3 
 .data.TSS1_cKey0
                0x1ffff004        0x8 ./Sources/TSS/TSS_SystemSetupData.o
                0x1ffff004                TSS1_cKey0
 .data.impure_data
                0x1ffff00c       0x60 d:/kinetis/toolchain/bin/../lib/gcc/arm-none-eabi/4.8.4/../../../../arm-none-eabi/lib/armv6-m\libg_s.a(lib_a-impure.o)
 .data._impure_ptr
                0x1ffff06c        0x4 d:/kinetis/toolchain/bin/../lib/gcc/arm-none-eabi/4.8.4/../../../../arm-none-eabi/lib/armv6-m\libg_s.a(lib_a-impure.o)
                0x1ffff06c                _impure_ptr
                0x1ffff070                . = ALIGN (0x4)
                0x1ffff070                _edata = .
                0x00000070                ___data_size = (_edata - _sdata)

.jcr            0x1ffff070        0x0 load address 0x00005d64
 .jcr           0x1ffff070        0x0 d:/kinetis/toolchain/bin/../lib/gcc/arm-none-eabi/4.8.4/armv6-m/crtbegin.o

.igot.plt       0x1ffff070        0x0 load address 0x00005d64
 .igot.plt      0x00000000        0x0 d:/kinetis/toolchain/bin/../lib/gcc/arm-none-eabi/4.8.4/armv6-m/crtbegin.o
                0x1ffff070                . = ALIGN (0x4)

.bss            0x1ffff070      0x174 load address 0x00005d64
                0x1ffff070                __START_BSS = .
                0x1ffff070                PROVIDE (__bss_start__, __START_BSS)
 *(.bss)
 .bss           0x1ffff070       0x1c d:/kinetis/toolchain/bin/../lib/gcc/arm-none-eabi/4.8.4/armv6-m/crtbegin.o
 .bss           0x1ffff08c        0x5 D:/CODE/Kinetis_WS/assignment/Sources/TSS\libTSS_KXX_M0.a(TSS_KeyDetector.o)
 *fill*         0x1ffff091        0x3 
 .bss           0x1ffff094        0x8 D:/CODE/Kinetis_WS/assignment/Sources/TSS\libTSS_KXX_M0.a(TSS_Main.o)
 *(.bss*)
 .bss.TSS_TSIL0_METHOD_RAMDATA_CONTEXT
                0x1ffff09c        0xc ./Sources/TSS/TSS_SensorTSIL.o
                0x1ffff09c                TSS_TSIL0_METHOD_RAMDATA_CONTEXT
 .bss.TSS_C0_STRUCTURE_RAM_CONTEXT
                0x1ffff0a8        0x4 ./Sources/TSS/TSS_SystemSetupData.o
                0x1ffff0a8                TSS_C0_STRUCTURE_RAM_CONTEXT
 .bss.tss_apsControlPrivateData
                0x1ffff0ac        0x4 ./Sources/TSS/TSS_SystemSetupData.o
                0x1ffff0ac                tss_apsControlPrivateData
 .bss.ispressed
                0x1ffff0b0        0x4 ./Sources/main.o
                0x1ffff0b0                ispressed
 .bss.heap_end.7565
                0x1ffff0b4        0x4 ./Sources/main.o
 .bss.DeviceDataPrv__DEFAULT_RTOS_ALLOC
                0x1ffff0b8        0xc ./Generated_Code/BLUE_LED.o
 .bss.DeviceDataPrv__DEFAULT_RTOS_ALLOC
                0x1ffff0c4        0xc ./Generated_Code/GREEN_LED.o
 .bss.PE_LDD_DeviceDataList
                0x1ffff0d0       0x14 ./Generated_Code/PE_LDD.o
                0x1ffff0d0                PE_LDD_DeviceDataList
 .bss.DeviceDataPrv__DEFAULT_RTOS_ALLOC
                0x1ffff0e4        0xc ./Generated_Code/RED_LED.o
 .bss.DeviceDataPrv__DEFAULT_RTOS_ALLOC
                0x1ffff0f0        0x8 ./Generated_Code/TU1.o
 .bss.DeviceDataPrv__DEFAULT_RTOS_ALLOC
                0x1ffff0f8        0x8 ./Generated_Code/TU2.o
 .bss.__malloc_sbrk_start
                0x1ffff100        0x4 d:/kinetis/toolchain/bin/../lib/gcc/arm-none-eabi/4.8.4/../../../../arm-none-eabi/lib/armv6-m\libg_s.a(lib_a-nano-mallocr.o)
                0x1ffff100                __malloc_sbrk_start
 .bss.__malloc_free_list
                0x1ffff104        0x4 d:/kinetis/toolchain/bin/../lib/gcc/arm-none-eabi/4.8.4/../../../../arm-none-eabi/lib/armv6-m\libg_s.a(lib_a-nano-mallocr.o)
                0x1ffff104                __malloc_free_list
 *(COMMON)
 COMMON         0x1ffff108       0x10 ./Sources/TSS/TSS_Sensor.o
                0x1ffff108                tss_u8SampleIntFlag
                0x1ffff10c                tss_psElectrodeTimertAdr
                0x1ffff110                tss_u8ElectrodeBitNum
                0x1ffff114                tss_psElectrodeRGPIOAdr
 COMMON         0x1ffff118       0x20 ./Sources/TSS/TSS_SensorTSIL.o
                0x1ffff118                TSS_TSIL0_CHANNEL_COUNTER_BUFFER
 COMMON         0x1ffff138       0xa5 ./Sources/TSS/TSS_SystemSetupData.o
                0x1ffff138                tss_au8StuckCount
                0x1ffff13a                tss_u8ConfCheckSum
                0x1ffff13c                tss_au8Sensitivity
                0x1ffff140                tss_ai8DeltaAmplitude
                0x1ffff144                tss_CSSys
                0x1ffff150                tss_ai8MaxDeltaAmplitude
                0x1ffff154                tss_ai8SensitivityLowLimit
                0x1ffff158                tss_ai8InstantDelta
                0x1ffff15c                TSS_C0_DELAY_BUFFER
                0x1ffff160                tss_au16PrevCapSample
                0x1ffff164                TSS_C0_TREND_BUFFER
                0x1ffff184                tss_au8ControlScheduleCount
                0x1ffff188                TSS_C0_TREND_CONTEXT
                0x1ffff18c                tss_au8TouchCount
                0x1ffff190                tss_au8ElectrodeMeasured
                0x1ffff194                tss_au16InstantSignal
                0x1ffff198                tss_au8DebounceCount
                0x1ffff19c                tss_au8ElectrodeStatus
                0x1ffff1a0                tss_au8ElectrodeMarker
                0x1ffff1a4                tss_ai8NoiseAmplitude
                0x1ffff1a8                tss_asDeltaNoiseAnalysisIIRData
                0x1ffff1b4                tss_asAutoCalibrationData
                0x1ffff1bc                tss_au8ElecState
                0x1ffff1c0                TSS_C0_DELAY_CONTEXT
                0x1ffff1c4                tss_au8ElectrodeEnablers
                0x1ffff1c8                TSS_C0_POSFILTER_CONTEXT
                0x1ffff1cc                tss_au8ElectrodeDCTrackerEnablers
                0x1ffff1d0                tss_au16ElecBaseline
                0x1ffff1d4                tss_au8ReleaseCount
                0x1ffff1d8                tss_au8ElectrodeLowThresholdEnablers
                0x1ffff1dc                tss_ai8IntegrationDelta
 *fill*         0x1ffff1dd        0x1 
 COMMON         0x1ffff1de        0x2 D:/CODE/Kinetis_WS/assignment/Sources/TSS\libTSS_KXX_M0.a(TSS_KeyDetector.o)
                0x1ffff1de                tss_u16CapSample
 COMMON         0x1ffff1e0        0x4 d:/kinetis/toolchain/bin/../lib/gcc/arm-none-eabi/4.8.4/../../../../arm-none-eabi/lib/armv6-m\libg_s.a(lib_a-reent.o)
                0x1ffff1e0                errno
                0x1ffff1e4                . = ALIGN (0x4)
                0x1ffff1e4                __END_BSS = .
                0x1ffff1e4                PROVIDE (__bss_end__, __END_BSS)
                0x00005d64                _romp_at = (___ROM_AT + SIZEOF (.data))

.romp           0x1ffff1e4       0x18 load address 0x00005d64
                0x00005d64                __S_romp = _romp_at
                0x1ffff1e4        0x4 LONG 0x5cf4 ___ROM_AT
                0x1ffff1e8        0x4 LONG 0x1ffff000 _sdata
                0x1ffff1ec        0x4 LONG 0x70 ___data_size
                0x1ffff1f0        0x4 LONG 0x0
                0x1ffff1f4        0x4 LONG 0x0
                0x1ffff1f8        0x4 LONG 0x0
                0x00020000                text_end = (ORIGIN (m_text) + 0x1fbf0)
                0x00005d7c                data_init_end = ((___ROM_AT + SIZEOF (.data)) + SIZEOF (.romp))
                0x00000001                ASSERT ((data_init_end <= text_end), region m_text overflowed with text and data)

._user_heap_stack
                0x1ffff1fc      0x400 load address 0x00005d7c
                0x1ffff1fc                . = ALIGN (0x4)
                0x1ffff1fc                PROVIDE (end, .)
                0x1ffff1fc                PROVIDE (_end, .)
                0x1ffff1fc                PROVIDE (__end__, .)
                0x1ffff1fc                __heap_addr = .
                0x1ffff1fc                __HeapBase = .
                0x1ffff1fc                . = (. + __heap_size)
                0x1ffff1fc                __HeapLimit = .
                0x1ffff5fc                . = (. + __stack_size)
 *fill*         0x1ffff1fc      0x400 
                0x1ffff5fc                . = ALIGN (0x4)

.ARM.attributes
                0x00000000       0x28
 *(.ARM.attributes)
 .ARM.attributes
                0x00000000       0x1e d:/kinetis/toolchain/bin/../lib/gcc/arm-none-eabi/4.8.4/armv6-m/crti.o
 .ARM.attributes
                0x0000001e       0x2c d:/kinetis/toolchain/bin/../lib/gcc/arm-none-eabi/4.8.4/armv6-m/crtbegin.o
 .ARM.attributes
                0x0000004a       0x1b d:/kinetis/toolchain/bin/../lib/gcc/arm-none-eabi/4.8.4/../../../../arm-none-eabi/lib/armv6-m/crt0.o
 .ARM.attributes
                0x00000065       0x32 ./Sources/TSS/TSS_Sensor.o
 .ARM.attributes
                0x00000097       0x32 ./Sources/TSS/TSS_SensorTSIL.o
 .ARM.attributes
                0x000000c9       0x32 ./Sources/TSS/TSS_SystemSetupData.o
 .ARM.attributes
                0x000000fb       0x32 ./Sources/Broad.o
 .ARM.attributes
                0x0000012d       0x32 ./Sources/Events.o
 .ARM.attributes
                0x0000015f       0x32 ./Sources/exit.o
 .ARM.attributes
                0x00000191       0x32 ./Sources/led_control.o
 .ARM.attributes
                0x000001c3       0x32 ./Sources/main.o
 .ARM.attributes
                0x000001f5       0x32 ./Project_Settings/Startup_Code/startup.o
 .ARM.attributes
                0x00000227       0x32 ./Generated_Code/BLUE_LED.o
 .ARM.attributes
                0x00000259       0x32 ./Generated_Code/Cpu.o
 .ARM.attributes
                0x0000028b       0x32 ./Generated_Code/GREEN_LED.o
 .ARM.attributes
                0x000002bd       0x32 ./Generated_Code/PE_LDD.o
 .ARM.attributes
                0x000002ef       0x32 ./Generated_Code/RED_LED.o
 .ARM.attributes
                0x00000321       0x32 ./Generated_Code/TSS1.o
 .ARM.attributes
                0x00000353       0x32 ./Generated_Code/TU1.o
 .ARM.attributes
                0x00000385       0x32 ./Generated_Code/TU2.o
 .ARM.attributes
                0x000003b7       0x32 ./Generated_Code/Vectors.o
 .ARM.attributes
                0x000003e9       0x31 D:/CODE/Kinetis_WS/assignment/Sources/TSS\libTSS_KXX_M0.a(TSS_ASliderDecoder.o)
 .ARM.attributes
                0x0000041a       0x31 D:/CODE/Kinetis_WS/assignment/Sources/TSS\libTSS_KXX_M0.a(TSS_Filters.o)
 .ARM.attributes
                0x0000044b       0x31 D:/CODE/Kinetis_WS/assignment/Sources/TSS\libTSS_KXX_M0.a(TSS_KeyDetectorNormal.o)
 .ARM.attributes
                0x0000047c       0x31 D:/CODE/Kinetis_WS/assignment/Sources/TSS\libTSS_KXX_M0.a(TSS_KeyDetector.o)
 .ARM.attributes
                0x000004ad       0x31 D:/CODE/Kinetis_WS/assignment/Sources/TSS\libTSS_KXX_M0.a(TSS_Main.o)
 .ARM.attributes
                0x000004de       0x1e d:/kinetis/toolchain/bin/../lib/gcc/arm-none-eabi/4.8.4/armv6-m\libgcc.a(_thumb1_case_uqi.o)
 .ARM.attributes
                0x000004fc       0x1e d:/kinetis/toolchain/bin/../lib/gcc/arm-none-eabi/4.8.4/armv6-m\libgcc.a(_udivsi3.o)
 .ARM.attributes
                0x0000051a       0x1e d:/kinetis/toolchain/bin/../lib/gcc/arm-none-eabi/4.8.4/armv6-m\libgcc.a(_divsi3.o)
 .ARM.attributes
                0x00000538       0x1e d:/kinetis/toolchain/bin/../lib/gcc/arm-none-eabi/4.8.4/armv6-m\libgcc.a(_dvmd_tls.o)
 .ARM.attributes
                0x00000556       0x2c d:/kinetis/toolchain/bin/../lib/gcc/arm-none-eabi/4.8.4/../../../../arm-none-eabi/lib/armv6-m\libg_s.a(lib_a-exit.o)
 .ARM.attributes
                0x00000582       0x2c d:/kinetis/toolchain/bin/../lib/gcc/arm-none-eabi/4.8.4/../../../../arm-none-eabi/lib/armv6-m\libg_s.a(lib_a-impure.o)
 .ARM.attributes
                0x000005ae       0x2c d:/kinetis/toolchain/bin/../lib/gcc/arm-none-eabi/4.8.4/../../../../arm-none-eabi/lib/armv6-m\libg_s.a(lib_a-init.o)
 .ARM.attributes
                0x000005da       0x2c d:/kinetis/toolchain/bin/../lib/gcc/arm-none-eabi/4.8.4/../../../../arm-none-eabi/lib/armv6-m\libg_s.a(lib_a-memcpy-stub.o)
 .ARM.attributes
                0x00000606       0x2c d:/kinetis/toolchain/bin/../lib/gcc/arm-none-eabi/4.8.4/../../../../arm-none-eabi/lib/armv6-m\libg_s.a(lib_a-memset.o)
 .ARM.attributes
                0x00000632       0x2c d:/kinetis/toolchain/bin/../lib/gcc/arm-none-eabi/4.8.4/../../../../arm-none-eabi/lib/armv6-m\libg_s.a(lib_a-rand.o)
 .ARM.attributes
                0x0000065e       0x2c d:/kinetis/toolchain/bin/../lib/gcc/arm-none-eabi/4.8.4/../../../../arm-none-eabi/lib/armv6-m\libg_s.a(lib_a-malloc.o)
 .ARM.attributes
                0x0000068a       0x2c d:/kinetis/toolchain/bin/../lib/gcc/arm-none-eabi/4.8.4/../../../../arm-none-eabi/lib/armv6-m\libg_s.a(lib_a-nano-mallocr.o)
 .ARM.attributes
                0x000006b6       0x2c d:/kinetis/toolchain/bin/../lib/gcc/arm-none-eabi/4.8.4/../../../../arm-none-eabi/lib/armv6-m\libg_s.a(lib_a-sbrkr.o)
 .ARM.attributes
                0x000006e2       0x2c d:/kinetis/toolchain/bin/../lib/gcc/arm-none-eabi/4.8.4/../../../../arm-none-eabi/lib/armv6-m\libg_s.a(lib_a-reent.o)
 .ARM.attributes
                0x0000070e       0x2c d:/kinetis/toolchain/bin/../lib/gcc/arm-none-eabi/4.8.4/armv6-m\libgcc.a(_muldi3.o)
 .ARM.attributes
                0x0000073a       0x1e d:/kinetis/toolchain/bin/../lib/gcc/arm-none-eabi/4.8.4/armv6-m/crtn.o
OUTPUT(assignment.elf elf32-littlearm)

.debug_info     0x00000000     0x5b4b
 .debug_info    0x00000000      0x4cc ./Sources/TSS/TSS_Sensor.o
 .debug_info    0x000004cc      0xf05 ./Sources/TSS/TSS_SensorTSIL.o
 .debug_info    0x000013d1     0x115a ./Sources/TSS/TSS_SystemSetupData.o
 .debug_info    0x0000252b      0x3b7 ./Sources/Broad.o
 .debug_info    0x000028e2      0x3f4 ./Sources/Events.o
 .debug_info    0x00002cd6       0x3b ./Sources/exit.o
 .debug_info    0x00002d11      0x237 ./Sources/led_control.o
 .debug_info    0x00002f48      0x38d ./Sources/main.o
 .debug_info    0x000032d5      0x20a ./Project_Settings/Startup_Code/startup.o
 .debug_info    0x000034df      0x27d ./Generated_Code/BLUE_LED.o
 .debug_info    0x0000375c      0x842 ./Generated_Code/Cpu.o
 .debug_info    0x00003f9e      0x27d ./Generated_Code/GREEN_LED.o
 .debug_info    0x0000421b      0x251 ./Generated_Code/PE_LDD.o
 .debug_info    0x0000446c      0x27d ./Generated_Code/RED_LED.o
 .debug_info    0x000046e9      0x5fc ./Generated_Code/TSS1.o
 .debug_info    0x00004ce5      0x6ae ./Generated_Code/TU1.o
 .debug_info    0x00005393      0x6aa ./Generated_Code/TU2.o
 .debug_info    0x00005a3d      0x10e ./Generated_Code/Vectors.o

.debug_abbrev   0x00000000     0x1520
 .debug_abbrev  0x00000000      0x139 ./Sources/TSS/TSS_Sensor.o
 .debug_abbrev  0x00000139      0x1df ./Sources/TSS/TSS_SensorTSIL.o
 .debug_abbrev  0x00000318      0x133 ./Sources/TSS/TSS_SystemSetupData.o
 .debug_abbrev  0x0000044b      0x15a ./Sources/Broad.o
 .debug_abbrev  0x000005a5      0x140 ./Sources/Events.o
 .debug_abbrev  0x000006e5       0x2f ./Sources/exit.o
 .debug_abbrev  0x00000714      0x105 ./Sources/led_control.o
 .debug_abbrev  0x00000819      0x148 ./Sources/main.o
 .debug_abbrev  0x00000961      0x11e ./Project_Settings/Startup_Code/startup.o
 .debug_abbrev  0x00000a7f      0x106 ./Generated_Code/BLUE_LED.o
 .debug_abbrev  0x00000b85      0x14f ./Generated_Code/Cpu.o
 .debug_abbrev  0x00000cd4      0x106 ./Generated_Code/GREEN_LED.o
 .debug_abbrev  0x00000dda      0x10d ./Generated_Code/PE_LDD.o
 .debug_abbrev  0x00000ee7      0x106 ./Generated_Code/RED_LED.o
 .debug_abbrev  0x00000fed      0x15f ./Generated_Code/TSS1.o
 .debug_abbrev  0x0000114c      0x198 ./Generated_Code/TU1.o
 .debug_abbrev  0x000012e4      0x198 ./Generated_Code/TU2.o
 .debug_abbrev  0x0000147c       0xa4 ./Generated_Code/Vectors.o

.debug_aranges  0x00000000      0x400
 .debug_aranges
                0x00000000       0x38 ./Sources/TSS/TSS_Sensor.o
 .debug_aranges
                0x00000038       0x78 ./Sources/TSS/TSS_SensorTSIL.o
 .debug_aranges
                0x000000b0       0x20 ./Sources/TSS/TSS_SystemSetupData.o
 .debug_aranges
                0x000000d0       0x38 ./Sources/Broad.o
 .debug_aranges
                0x00000108       0x38 ./Sources/Events.o
 .debug_aranges
                0x00000140       0x20 ./Sources/exit.o
 .debug_aranges
                0x00000160       0x48 ./Sources/led_control.o
 .debug_aranges
                0x000001a8       0x28 ./Sources/main.o
 .debug_aranges
                0x000001d0       0x50 ./Project_Settings/Startup_Code/startup.o
 .debug_aranges
                0x00000220       0x38 ./Generated_Code/BLUE_LED.o
 .debug_aranges
                0x00000258       0x38 ./Generated_Code/Cpu.o
 .debug_aranges
                0x00000290       0x38 ./Generated_Code/GREEN_LED.o
 .debug_aranges
                0x000002c8       0x30 ./Generated_Code/PE_LDD.o
 .debug_aranges
                0x000002f8       0x38 ./Generated_Code/RED_LED.o
 .debug_aranges
                0x00000330       0x28 ./Generated_Code/TSS1.o
 .debug_aranges
                0x00000358       0x48 ./Generated_Code/TU1.o
 .debug_aranges
                0x000003a0       0x48 ./Generated_Code/TU2.o
 .debug_aranges
                0x000003e8       0x18 ./Generated_Code/Vectors.o

.debug_ranges   0x00000000      0x2d8
 .debug_ranges  0x00000000       0x28 ./Sources/TSS/TSS_Sensor.o
 .debug_ranges  0x00000028       0x68 ./Sources/TSS/TSS_SensorTSIL.o
 .debug_ranges  0x00000090       0x10 ./Sources/TSS/TSS_SystemSetupData.o
 .debug_ranges  0x000000a0       0x28 ./Sources/Broad.o
 .debug_ranges  0x000000c8       0x28 ./Sources/Events.o
 .debug_ranges  0x000000f0       0x10 ./Sources/exit.o
 .debug_ranges  0x00000100       0x38 ./Sources/led_control.o
 .debug_ranges  0x00000138       0x18 ./Sources/main.o
 .debug_ranges  0x00000150       0x40 ./Project_Settings/Startup_Code/startup.o
 .debug_ranges  0x00000190       0x28 ./Generated_Code/BLUE_LED.o
 .debug_ranges  0x000001b8       0x28 ./Generated_Code/Cpu.o
 .debug_ranges  0x000001e0       0x28 ./Generated_Code/GREEN_LED.o
 .debug_ranges  0x00000208       0x20 ./Generated_Code/PE_LDD.o
 .debug_ranges  0x00000228       0x28 ./Generated_Code/RED_LED.o
 .debug_ranges  0x00000250       0x18 ./Generated_Code/TSS1.o
 .debug_ranges  0x00000268       0x38 ./Generated_Code/TU1.o
 .debug_ranges  0x000002a0       0x38 ./Generated_Code/TU2.o

.debug_macro    0x00000000     0xcc40
 .debug_macro   0x00000000       0xe7 ./Sources/TSS/TSS_Sensor.o
 .debug_macro   0x000000e7     0x158b ./Sources/TSS/TSS_Sensor.o
 .debug_macro   0x00001672       0x50 ./Sources/TSS/TSS_Sensor.o
 .debug_macro   0x000016c2       0x19 ./Sources/TSS/TSS_Sensor.o
 .debug_macro   0x000016db       0x2d ./Sources/TSS/TSS_Sensor.o
 .debug_macro   0x00001708     0x1247 ./Sources/TSS/TSS_Sensor.o
 .debug_macro   0x0000294f       0xed ./Sources/TSS/TSS_SensorTSIL.o
 .debug_macro   0x00002a3c     0x1241 ./Sources/TSS/TSS_SensorTSIL.o
 .debug_macro   0x00003c7d       0x26 ./Sources/TSS/TSS_SensorTSIL.o
 .debug_macro   0x00003ca3      0x144 ./Sources/TSS/TSS_SystemSetupData.o
 .debug_macro   0x00003de7      0x22c ./Sources/Broad.o
 .debug_macro   0x00004013       0x9a ./Sources/Broad.o
 .debug_macro   0x000040ad       0x58 ./Sources/Broad.o
 .debug_macro   0x00004105       0x35 ./Sources/Broad.o
 .debug_macro   0x0000413a       0xa2 ./Sources/Broad.o
 .debug_macro   0x000041dc       0x16 ./Sources/Broad.o
 .debug_macro   0x000041f2       0x97 ./Sources/Broad.o
 .debug_macro   0x00004289       0x10 ./Sources/Broad.o
 .debug_macro   0x00004299       0xef ./Sources/Broad.o
 .debug_macro   0x00004388       0x52 ./Sources/Broad.o
 .debug_macro   0x000043da       0x16 ./Sources/Broad.o
 .debug_macro   0x000043f0       0x43 ./Sources/Broad.o
 .debug_macro   0x00004433      0x180 ./Sources/Broad.o
 .debug_macro   0x000045b3       0x10 ./Sources/Broad.o
 .debug_macro   0x000045c3       0x22 ./Sources/Broad.o
 .debug_macro   0x000045e5       0xbd ./Sources/Broad.o
 .debug_macro   0x000046a2       0x16 ./Sources/Broad.o
 .debug_macro   0x000046b8      0x16c ./Sources/Broad.o
 .debug_macro   0x00004824       0x94 ./Sources/Broad.o
 .debug_macro   0x000048b8      0x1d6 ./Sources/Broad.o
 .debug_macro   0x00004a8e       0x7b ./Sources/Broad.o
 .debug_macro   0x00004b09       0x2f ./Sources/Broad.o
 .debug_macro   0x00004b38       0x35 ./Sources/Broad.o
 .debug_macro   0x00004b6d       0x7a ./Sources/Broad.o
 .debug_macro   0x00004be7       0x2f ./Sources/Broad.o
 .debug_macro   0x00004c16       0x10 ./Sources/Broad.o
 .debug_macro   0x00004c26      0x155 ./Sources/Events.o
 .debug_macro   0x00004d7b       0x11 ./Sources/exit.o
 .debug_macro   0x00004d8c      0x22d ./Sources/led_control.o
 .debug_macro   0x00004fb9      0x265 ./Sources/main.o
 .debug_macro   0x0000521e       0x16 ./Sources/main.o
 .debug_macro   0x00005234      0x10e ./Sources/main.o
 .debug_macro   0x00005342       0x7f ./Sources/main.o
 .debug_macro   0x000053c1       0x16 ./Sources/main.o
 .debug_macro   0x000053d7       0x29 ./Sources/main.o
 .debug_macro   0x00005400       0x1c ./Sources/main.o
 .debug_macro   0x0000541c       0x35 ./Sources/main.o
 .debug_macro   0x00005451      0x12f ./Project_Settings/Startup_Code/startup.o
 .debug_macro   0x00005580      0x166 ./Project_Settings/Startup_Code/startup.o
 .debug_macro   0x000056e6       0x4a ./Project_Settings/Startup_Code/startup.o
 .debug_macro   0x00005730      0x2a6 ./Project_Settings/Startup_Code/startup.o
 .debug_macro   0x000059d6       0x10 ./Project_Settings/Startup_Code/startup.o
 .debug_macro   0x000059e6       0x1f ./Project_Settings/Startup_Code/startup.o
 .debug_macro   0x00005a05       0x10 ./Project_Settings/Startup_Code/startup.o
 .debug_macro   0x00005a15      0x20f ./Project_Settings/Startup_Code/startup.o
 .debug_macro   0x00005c24     0x6685 ./Project_Settings/Startup_Code/startup.o
 .debug_macro   0x0000c2a9       0xbb ./Generated_Code/BLUE_LED.o
 .debug_macro   0x0000c364       0x74 ./Generated_Code/BLUE_LED.o
 .debug_macro   0x0000c3d8      0x164 ./Generated_Code/Cpu.o
 .debug_macro   0x0000c53c       0xbd ./Generated_Code/GREEN_LED.o
 .debug_macro   0x0000c5f9       0x2f ./Generated_Code/GREEN_LED.o
 .debug_macro   0x0000c628      0x137 ./Generated_Code/PE_LDD.o
 .debug_macro   0x0000c75f       0xbd ./Generated_Code/RED_LED.o
 .debug_macro   0x0000c81c      0x153 ./Generated_Code/TSS1.o
 .debug_macro   0x0000c96f       0xb9 ./Generated_Code/TU1.o
 .debug_macro   0x0000ca28       0xb4 ./Generated_Code/TU2.o
 .debug_macro   0x0000cadc      0x164 ./Generated_Code/Vectors.o

.debug_line     0x00000000     0x3c42
 .debug_line    0x00000000      0x2fb ./Sources/TSS/TSS_Sensor.o
 .debug_line    0x000002fb      0x579 ./Sources/TSS/TSS_SensorTSIL.o
 .debug_line    0x00000874      0x2a9 ./Sources/TSS/TSS_SystemSetupData.o
 .debug_line    0x00000b1d      0x486 ./Sources/Broad.o
 .debug_line    0x00000fa3      0x386 ./Sources/Events.o
 .debug_line    0x00001329       0x40 ./Sources/exit.o
 .debug_line    0x00001369      0x4f0 ./Sources/led_control.o
 .debug_line    0x00001859      0x475 ./Sources/main.o
 .debug_line    0x00001cce      0x38b ./Project_Settings/Startup_Code/startup.o
 .debug_line    0x00002059      0x27c ./Generated_Code/BLUE_LED.o
 .debug_line    0x000022d5      0x433 ./Generated_Code/Cpu.o
 .debug_line    0x00002708      0x27e ./Generated_Code/GREEN_LED.o
 .debug_line    0x00002986      0x386 ./Generated_Code/PE_LDD.o
 .debug_line    0x00002d0c      0x27a ./Generated_Code/RED_LED.o
 .debug_line    0x00002f86      0x378 ./Generated_Code/TSS1.o
 .debug_line    0x000032fe      0x2c1 ./Generated_Code/TU1.o
 .debug_line    0x000035bf      0x2c2 ./Generated_Code/TU2.o
 .debug_line    0x00003881      0x3c1 ./Generated_Code/Vectors.o

.debug_str      0x00000000    0x4af2e
 .debug_str     0x00000000    0x42bd6 ./Sources/TSS/TSS_Sensor.o
                              0x42fec (size before relaxing)
 .debug_str     0x00042bd6      0xc4b ./Sources/TSS/TSS_SensorTSIL.o
                              0x40920 (size before relaxing)
 .debug_str     0x00043821     0x127a ./Sources/TSS/TSS_SystemSetupData.o
                              0x388d5 (size before relaxing)
 .debug_str     0x00044a9b     0x47c9 ./Sources/Broad.o
                              0x3bdea (size before relaxing)
 .debug_str     0x00049264       0x41 ./Sources/Events.o
                              0x39f49 (size before relaxing)
 .debug_str     0x000492a5       0x18 ./Sources/exit.o
                               0x227a (size before relaxing)
 .debug_str     0x000492bd       0xd5 ./Sources/led_control.o
                              0x3bccb (size before relaxing)
 .debug_str     0x00049392      0x129 ./Sources/main.o
                              0x3be8f (size before relaxing)
 .debug_str     0x000494bb     0x106e ./Project_Settings/Startup_Code/startup.o
                              0x2737f (size before relaxing)
 .debug_str     0x0004a529      0x110 ./Generated_Code/BLUE_LED.o
                              0x2ddc6 (size before relaxing)
 .debug_str     0x0004a639      0x291 ./Generated_Code/Cpu.o
                              0x39d8b (size before relaxing)
 .debug_str     0x0004a8ca       0x6c ./Generated_Code/GREEN_LED.o
                              0x2ddf0 (size before relaxing)
 .debug_str     0x0004a936      0x177 ./Generated_Code/PE_LDD.o
                              0x39c3f (size before relaxing)
 .debug_str     0x0004aaad       0x62 ./Generated_Code/RED_LED.o
                              0x2ddd4 (size before relaxing)
 .debug_str     0x0004ab0f      0x125 ./Generated_Code/TSS1.o
                              0x3a0aa (size before relaxing)
 .debug_str     0x0004ac34      0x1df ./Generated_Code/TU1.o
                              0x2deda (size before relaxing)
 .debug_str     0x0004ae13       0xff ./Generated_Code/TU2.o
                              0x2deaa (size before relaxing)
 .debug_str     0x0004af12       0x1c ./Generated_Code/Vectors.o
                              0x39ad2 (size before relaxing)

.comment        0x00000000       0xe9
 .comment       0x00000000       0x70 ./Sources/TSS/TSS_Sensor.o
                                 0x71 (size before relaxing)
 .comment       0x00000000       0x71 ./Sources/TSS/TSS_SensorTSIL.o
 .comment       0x00000000       0x71 ./Sources/TSS/TSS_SystemSetupData.o
 .comment       0x00000000       0x71 ./Sources/Broad.o
 .comment       0x00000000       0x71 ./Sources/Events.o
 .comment       0x00000000       0x71 ./Sources/exit.o
 .comment       0x00000000       0x71 ./Sources/led_control.o
 .comment       0x00000000       0x71 ./Sources/main.o
 .comment       0x00000000       0x71 ./Project_Settings/Startup_Code/startup.o
 .comment       0x00000000       0x71 ./Generated_Code/BLUE_LED.o
 .comment       0x00000000       0x71 ./Generated_Code/Cpu.o
 .comment       0x00000000       0x71 ./Generated_Code/GREEN_LED.o
 .comment       0x00000000       0x71 ./Generated_Code/PE_LDD.o
 .comment       0x00000000       0x71 ./Generated_Code/RED_LED.o
 .comment       0x00000000       0x71 ./Generated_Code/TSS1.o
 .comment       0x00000000       0x71 ./Generated_Code/TU1.o
 .comment       0x00000000       0x71 ./Generated_Code/TU2.o
 .comment       0x00000000       0x71 ./Generated_Code/Vectors.o
 .comment       0x00000070       0x79 D:/CODE/Kinetis_WS/assignment/Sources/TSS\libTSS_KXX_M0.a(TSS_ASliderDecoder.o)
                                 0x7a (size before relaxing)
 .comment       0x00000000       0x7a D:/CODE/Kinetis_WS/assignment/Sources/TSS\libTSS_KXX_M0.a(TSS_Filters.o)
 .comment       0x00000000       0x7a D:/CODE/Kinetis_WS/assignment/Sources/TSS\libTSS_KXX_M0.a(TSS_KeyDetectorNormal.o)
 .comment       0x00000000       0x7a D:/CODE/Kinetis_WS/assignment/Sources/TSS\libTSS_KXX_M0.a(TSS_KeyDetector.o)
 .comment       0x00000000       0x7a D:/CODE/Kinetis_WS/assignment/Sources/TSS\libTSS_KXX_M0.a(TSS_Main.o)

.debug_frame    0x00000000      0xc34
 .debug_frame   0x00000000       0x90 ./Sources/TSS/TSS_Sensor.o
 .debug_frame   0x00000090      0x190 ./Sources/TSS/TSS_SensorTSIL.o
 .debug_frame   0x00000220       0x30 ./Sources/TSS/TSS_SystemSetupData.o
 .debug_frame   0x00000250       0x8c ./Sources/Broad.o
 .debug_frame   0x000002dc       0x88 ./Sources/Events.o
 .debug_frame   0x00000364       0x2c ./Sources/exit.o
 .debug_frame   0x00000390       0xc8 ./Sources/led_control.o
 .debug_frame   0x00000458       0x54 ./Sources/main.o
 .debug_frame   0x000004ac       0xd0 ./Project_Settings/Startup_Code/startup.o
 .debug_frame   0x0000057c       0x90 ./Generated_Code/BLUE_LED.o
 .debug_frame   0x0000060c       0x80 ./Generated_Code/Cpu.o
 .debug_frame   0x0000068c       0x90 ./Generated_Code/GREEN_LED.o
 .debug_frame   0x0000071c       0x6c ./Generated_Code/PE_LDD.o
 .debug_frame   0x00000788       0x90 ./Generated_Code/RED_LED.o
 .debug_frame   0x00000818       0x4c ./Generated_Code/TSS1.o
 .debug_frame   0x00000864       0xd0 ./Generated_Code/TU1.o
 .debug_frame   0x00000934       0xd0 ./Generated_Code/TU2.o
 .debug_frame   0x00000a04       0x20 d:/kinetis/toolchain/bin/../lib/gcc/arm-none-eabi/4.8.4/armv6-m\libgcc.a(_udivsi3.o)
 .debug_frame   0x00000a24       0x20 d:/kinetis/toolchain/bin/../lib/gcc/arm-none-eabi/4.8.4/armv6-m\libgcc.a(_divsi3.o)
 .debug_frame   0x00000a44       0x28 d:/kinetis/toolchain/bin/../lib/gcc/arm-none-eabi/4.8.4/../../../../arm-none-eabi/lib/armv6-m\libg_s.a(lib_a-exit.o)
 .debug_frame   0x00000a6c       0x2c d:/kinetis/toolchain/bin/../lib/gcc/arm-none-eabi/4.8.4/../../../../arm-none-eabi/lib/armv6-m\libg_s.a(lib_a-init.o)
 .debug_frame   0x00000a98       0x28 d:/kinetis/toolchain/bin/../lib/gcc/arm-none-eabi/4.8.4/../../../../arm-none-eabi/lib/armv6-m\libg_s.a(lib_a-memcpy-stub.o)
 .debug_frame   0x00000ac0       0x20 d:/kinetis/toolchain/bin/../lib/gcc/arm-none-eabi/4.8.4/../../../../arm-none-eabi/lib/armv6-m\libg_s.a(lib_a-memset.o)
 .debug_frame   0x00000ae0       0x44 d:/kinetis/toolchain/bin/../lib/gcc/arm-none-eabi/4.8.4/../../../../arm-none-eabi/lib/armv6-m\libg_s.a(lib_a-rand.o)
 .debug_frame   0x00000b24       0x40 d:/kinetis/toolchain/bin/../lib/gcc/arm-none-eabi/4.8.4/../../../../arm-none-eabi/lib/armv6-m\libg_s.a(lib_a-malloc.o)
 .debug_frame   0x00000b64       0x2c d:/kinetis/toolchain/bin/../lib/gcc/arm-none-eabi/4.8.4/../../../../arm-none-eabi/lib/armv6-m\libg_s.a(lib_a-nano-mallocr.o)
 .debug_frame   0x00000b90       0x2c d:/kinetis/toolchain/bin/../lib/gcc/arm-none-eabi/4.8.4/../../../../arm-none-eabi/lib/armv6-m\libg_s.a(lib_a-sbrkr.o)
 .debug_frame   0x00000bbc       0x48 d:/kinetis/toolchain/bin/../lib/gcc/arm-none-eabi/4.8.4/../../../../arm-none-eabi/lib/armv6-m\libg_s.a(lib_a-reent.o)
 .debug_frame   0x00000c04       0x30 d:/kinetis/toolchain/bin/../lib/gcc/arm-none-eabi/4.8.4/armv6-m\libgcc.a(_muldi3.o)
